2026-08-28 13:12:55,276 [INFO] Chưa có data → fetch 90 ngày: 2026-05-30 → 2026-08-27
2026-08-28 13:12:56,478 [INFO] Failed to extract font properties from /usr/share/fonts/truetype/noto/NotoColorEmoji.ttf: Non-scalable fonts are not supported
2026-08-28 13:12:56,790 [INFO] generated new fontManager
2026-08-28 13:12:59,622 [INFO] Device registered: a1691119d2049e96ca73e5b8469e5a77 (version 0.0.1)
2026-08-28 13:13:06,067 [INFO] VCB: ✓ 64 dòng
2026-08-28 13:13:09,833 [INFO] VIC: ✓ 64 dòng
2026-08-28 13:13:13,811 [INFO] VHM: ✓ 64 dòng
2026-08-28 13:13:17,827 [INFO] HPG: ✓ 64 dòng
2026-08-28 13:13:20,742 [INFO] TCB: ✓ 64 dòng
2026-08-28 13:13:23,893 [INFO] MBB: ✓ 64 dòng
2026-08-28 13:13:26,960 [INFO] VNM: ✓ 64 dòng
2026-08-28 13:13:31,234 [INFO] FPT: ✓ 64 dòng
2026-08-28 13:13:35,467 [INFO] MSN: ✓ 64 dòng
2026-08-28 13:13:38,766 [INFO] BID: ✓ 64 dòng
2026-08-28 13:13:38,766 [INFO] === Xong: 10/10 tickers | 640 dòng mới ===
2026-08-31 17:54:42,246 [INFO] Fetch từ 2026-08-28 → 2026-08-30
2026-08-31 17:54:42,548 [INFO] Failed to extract font properties from /usr/share/fonts/truetype/noto/NotoColorEmoji.ttf: Non-scalable fonts are not supported
2026-08-31 17:54:42,589 [INFO] generated new fontManager
2026-08-31 17:54:45,004 [INFO] Device registered: a1691119d2049e96ca73e5b8469e5a77 (version 0.0.1)
2026-08-31 17:54:50,246 [INFO] VCB: ✓ 1 dòng
2026-08-31 17:54:53,062 [INFO] VIC: ✓ 1 dòng
2026-08-31 17:54:56,489 [INFO] VHM: ✓ 1 dòng
2026-08-31 17:54:59,847 [INFO] HPG: ✓ 1 dòng
2026-08-31 17:55:02,901 [INFO] TCB: ✓ 1 dòng
2026-08-31 17:55:05,656 [INFO] MBB: ✓ 1 dòng
2026-08-31 17:55:08,161 [INFO] VNM: ✓ 1 dòng
2026-08-31 17:55:10,685 [INFO] FPT: ✓ 1 dòng
2026-08-31 17:55:13,412 [INFO] MSN: ✓ 1 dòng
2026-08-31 17:55:16,160 [INFO] BID: ✓ 1 dòng
2026-08-31 17:55:16,160 [INFO] === Xong: 10/10 tickers | 10 dòng mới ===
2026-09-01 15:23:36,343 [INFO] Fetch từ 2026-08-29 → 2026-08-31
2026-09-01 15:23:36,997 [INFO] Failed to extract font properties from /usr/share/fonts/truetype/noto/NotoColorEmoji.ttf: Non-scalable fonts are not supported
2026-09-01 15:23:37,043 [INFO] generated new fontManager
2026-09-01 15:23:39,444 [INFO] Device registered: a1691119d2049e96ca73e5b8469e5a77 (version 0.0.1)
2026-09-01 15:23:46,548 [WARNING] VCB: Không có data trong khoảng này
2026-09-01 15:23:51,242 [WARNING] VIC: Không có data trong khoảng này
2026-09-01 15:23:55,003 [WARNING] VHM: Không có data trong khoảng này
2026-09-01 15:23:59,498 [WARNING] HPG: Không có data trong khoảng này
2026-09-01 15:24:02,929 [WARNING] TCB: Không có data trong khoảng này
2026-09-01 15:24:06,643 [WARNING] MBB: Không có data trong khoảng này
2026-09-01 15:24:11,309 [WARNING] VNM: Không có data trong khoảng này
2026-09-01 15:24:15,924 [WARNING] FPT: Không có data trong khoảng này
2026-09-01 15:24:19,732 [WARNING] MSN: Không có data trong khoảng này
2026-09-01 15:24:23,453 [WARNING] BID: Không có data trong khoảng này
2026-09-01 15:24:23,453 [INFO] === Xong: 0/10 tickers | 0 dòng mới ===
2026-09-03 00:05:30,921 [INFO] Fetch từ 2026-08-29 → 2026-09-02
2026-09-03 00:05:31,478 [INFO] Failed to extract font properties from /usr/share/fonts/truetype/noto/NotoColorEmoji.ttf: Non-scalable fonts are not supported
2026-09-03 00:05:31,601 [INFO] generated new fontManager
2026-09-03 00:05:34,288 [INFO] Device registered: a1691119d2049e96ca73e5b8469e5a77 (version 0.0.1)
2026-09-03 00:05:39,728 [WARNING] VCB: Không có data trong khoảng này
2026-09-03 00:05:44,491 [WARNING] VIC: Không có data trong khoảng này
2026-09-03 00:05:48,468 [WARNING] VHM: Không có data trong khoảng này
2026-09-03 00:05:52,113 [WARNING] HPG: Không có data trong khoảng này
2026-09-03 00:05:54,872 [WARNING] TCB: Không có data trong khoảng này
2026-09-03 00:05:58,709 [WARNING] MBB: Không có data trong khoảng này
2026-09-03 00:06:01,662 [WARNING] VNM: Không có data trong khoảng này
2026-09-03 00:06:05,955 [WARNING] FPT: Không có data trong khoảng này
2026-09-03 00:06:09,641 [WARNING] MSN: Không có data trong khoảng này
2026-09-03 00:06:14,448 [WARNING] BID: Không có data trong khoảng này
2026-09-03 00:06:14,448 [INFO] === Xong: 0/10 tickers | 0 dòng mới ===
2026-09-03 14:53:09,763 [INFO] Fetch từ 2026-08-29 → 2026-09-02
2026-09-03 14:53:10,180 [INFO] Failed to extract font properties from /usr/share/fonts/truetype/noto/NotoColorEmoji.ttf: Non-scalable fonts are not supported
2026-09-03 14:53:10,758 [INFO] generated new fontManager
2026-09-03 14:53:13,381 [INFO] Device registered: a1691119d2049e96ca73e5b8469e5a77 (version 0.0.1)
2026-09-03 14:53:20,859 [WARNING] VCB: Không có data trong khoảng này
2026-09-03 14:53:24,736 [WARNING] VIC: Không có data trong khoảng này
2026-09-03 14:53:28,420 [WARNING] VHM: Không có data trong khoảng này
2026-09-03 14:53:31,824 [WARNING] HPG: Không có data trong khoảng này
2026-09-03 14:53:35,554 [WARNING] TCB: Không có data trong khoảng này
2026-09-03 14:53:39,104 [WARNING] MBB: Không có data trong khoảng này
2026-09-03 14:53:42,852 [WARNING] VNM: Không có data trong khoảng này
2026-09-03 14:53:46,817 [WARNING] FPT: Không có data trong khoảng này
2026-09-03 14:53:52,011 [WARNING] MSN: Không có data trong khoảng này
2026-09-03 14:53:55,783 [WARNING] BID: Không có data trong khoảng này
2026-09-03 14:53:55,783 [INFO] === Xong: 0/10 tickers | 0 dòng mới ===
2026-09-04 14:48:48,476 [INFO] Fetch từ 2026-08-29 → 2026-09-03
2026-09-04 14:48:48,970 [INFO] Failed to extract font properties from /usr/share/fonts/truetype/noto/NotoColorEmoji.ttf: Non-scalable fonts are not supported
2026-09-04 14:48:48,999 [INFO] generated new fontManager
2026-09-04 14:48:51,924 [INFO] Device registered: 73771c5ea2a9dbf45599cbbbd498368f (version 0.0.1)
2026-09-04 14:48:57,370 [INFO] VCB: ✓ 1 dòng
2026-09-04 14:49:01,370 [INFO] VIC: ✓ 1 dòng
2026-09-04 14:49:04,527 [INFO] VHM: ✓ 1 dòng
2026-09-04 14:49:08,035 [INFO] HPG: ✓ 1 dòng
2026-09-04 14:49:11,366 [INFO] TCB: ✓ 1 dòng
2026-09-04 14:49:14,364 [INFO] MBB: ✓ 1 dòng
2026-09-04 14:49:17,488 [INFO] VNM: ✓ 1 dòng
2026-09-04 14:49:21,784 [INFO] FPT: ✓ 1 dòng
2026-09-04 14:49:25,323 [INFO] MSN: ✓ 1 dòng
2026-09-04 14:49:29,335 [INFO] BID: ✓ 1 dòng
2026-09-04 14:49:29,335 [INFO] === Xong: 10/10 tickers | 10 dòng mới ===
2026-09-07 16:17:39,195 [INFO] Fetch từ 2026-09-04 → 2026-09-06
2026-09-07 16:17:39,532 [INFO] Failed to extract font properties from /usr/share/fonts/truetype/noto/NotoColorEmoji.ttf: Non-scalable fonts are not supported
2026-09-07 16:17:39,599 [INFO] generated new fontManager
2026-09-07 16:17:42,001 [INFO] Device registered: 73771c5ea2a9dbf45599cbbbd498368f (version 0.0.1)
2026-09-07 16:17:47,236 [INFO] VCB: ✓ 1 dòng
2026-09-07 16:17:51,328 [INFO] VIC: ✓ 1 dòng
2026-09-07 16:17:54,577 [INFO] VHM: ✓ 1 dòng
2026-09-07 16:17:57,462 [INFO] HPG: ✓ 1 dòng
2026-09-07 16:18:00,456 [INFO] TCB: ✓ 1 dòng
2026-09-07 16:18:03,514 [INFO] MBB: ✓ 1 dòng
2026-09-07 16:18:06,266 [INFO] VNM: ✓ 1 dòng
2026-09-07 16:18:09,393 [INFO] FPT: ✓ 1 dòng
2026-09-07 16:18:13,052 [INFO] MSN: ✓ 1 dòng
2026-09-07 16:18:16,741 [INFO] BID: ✓ 1 dòng
2026-09-07 16:18:16,742 [INFO] === Xong: 10/10 tickers | 10 dòng mới ===
2026-09-08 14:55:18,856 [INFO] Fetch từ 2026-09-05 → 2026-09-07
2026-09-08 14:55:19,703 [INFO] Failed to extract font properties from /usr/share/fonts/truetype/noto/NotoColorEmoji.ttf: Non-scalable fonts are not supported
2026-09-08 14:55:20,396 [INFO] generated new fontManager
2026-09-08 14:55:22,752 [INFO] Device registered: 73771c5ea2a9dbf45599cbbbd498368f (version 0.0.1)
2026-09-08 14:55:29,200 [INFO] VCB: ✓ 1 dòng
2026-09-08 14:55:32,214 [INFO] VIC: ✓ 1 dòng
2026-09-08 14:55:34,920 [INFO] VHM: ✓ 1 dòng
2026-09-08 14:55:37,961 [INFO] HPG: ✓ 1 dòng
2026-09-08 14:55:41,107 [INFO] TCB: ✓ 1 dòng
2026-09-08 14:55:44,418 [INFO] MBB: ✓ 1 dòng
2026-09-08 14:55:47,523 [INFO] VNM: ✓ 1 dòng
2026-09-08 14:55:50,862 [INFO] FPT: ✓ 1 dòng
2026-09-08 14:55:55,242 [INFO] MSN: ✓ 1 dòng
2026-09-08 14:55:58,895 [INFO] BID: ✓ 1 dòng
2026-09-08 14:55:58,895 [INFO] === Xong: 10/10 tickers | 10 dòng mới ===
2026-09-09 15:01:31,829 [INFO] Fetch từ 2026-09-08 → 2026-09-08
2026-09-09 15:01:32,779 [INFO] Failed to extract font properties from /usr/share/fonts/truetype/noto/NotoColorEmoji.ttf: Non-scalable fonts are not supported
2026-09-09 15:01:33,087 [INFO] generated new fontManager
2026-09-09 15:01:35,789 [INFO] Device registered: 73771c5ea2a9dbf45599cbbbd498368f (version 0.0.1)
2026-09-09 15:01:58,044 [INFO] VCB: ✓ 1 dòng
2026-09-09 15:02:01,639 [INFO] VIC: ✓ 1 dòng
2026-09-09 15:02:06,386 [INFO] VHM: ✓ 1 dòng
2026-09-09 15:02:15,994 [INFO] HPG: ✓ 1 dòng
2026-09-09 15:02:19,439 [INFO] TCB: ✓ 1 dòng
2026-09-09 15:02:22,447 [INFO] MBB: ✓ 1 dòng
2026-09-09 15:02:25,951 [INFO] VNM: ✓ 1 dòng
2026-09-09 15:02:29,001 [INFO] FPT: ✓ 1 dòng
2026-09-09 15:02:32,105 [INFO] MSN: ✓ 1 dòng
2026-09-09 15:02:36,446 [INFO] BID: ✓ 1 dòng
2026-09-09 15:02:36,446 [INFO] === Xong: 10/10 tickers | 10 dòng mới ===
2026-09-10 14:51:39,570 [INFO] Fetch từ 2026-09-09 → 2026-09-09
2026-09-10 14:51:39,942 [INFO] Failed to extract font properties from /usr/share/fonts/truetype/noto/NotoColorEmoji.ttf: Non-scalable fonts are not supported
2026-09-10 14:51:39,997 [INFO] generated new fontManager
2026-09-10 14:51:42,592 [INFO] Device registered: 9990f92d03594fdcf5aeb9cbcf71abcb (version 0.0.1)
2026-09-10 14:51:47,694 [INFO] VCB: ✓ 1 dòng
2026-09-10 14:51:51,663 [INFO] VIC: ✓ 1 dòng
2026-09-10 14:51:54,444 [INFO] VHM: ✓ 1 dòng
2026-09-10 14:51:57,562 [INFO] HPG: ✓ 1 dòng
2026-09-10 14:52:00,991 [INFO] TCB: ✓ 1 dòng
2026-09-10 14:52:04,076 [INFO] MBB: ✓ 1 dòng
2026-09-10 14:52:06,872 [INFO] VNM: ✓ 1 dòng
2026-09-10 14:52:09,857 [INFO] FPT: ✓ 1 dòng
2026-09-10 14:52:12,642 [INFO] MSN: ✓ 1 dòng
2026-09-10 14:52:16,104 [INFO] BID: ✓ 1 dòng
2026-09-10 14:52:16,104 [INFO] === Xong: 10/10 tickers | 10 dòng mới ===
2026-09-11 14:51:01,870 [INFO] Fetch từ 2026-09-10 → 2026-09-10
2026-09-11 14:51:02,577 [INFO] Failed to extract font properties from /usr/share/fonts/truetype/noto/NotoColorEmoji.ttf: Non-scalable fonts are not supported
2026-09-11 14:51:02,597 [INFO] generated new fontManager
2026-09-11 14:51:04,708 [INFO] Device registered: 9990f92d03594fdcf5aeb9cbcf71abcb (version 0.0.1)
2026-09-11 14:51:10,195 [INFO] VCB: ✓ 1 dòng
2026-09-11 14:51:13,518 [INFO] VIC: ✓ 1 dòng
2026-09-11 14:51:16,392 [INFO] VHM: ✓ 1 dòng
2026-09-11 14:51:19,494 [INFO] HPG: ✓ 1 dòng
2026-09-11 14:51:22,444 [INFO] TCB: ✓ 1 dòng
2026-09-11 14:51:25,078 [INFO] MBB: ✓ 1 dòng
2026-09-11 14:51:27,537 [INFO] VNM: ✓ 1 dòng
2026-09-11 14:51:29,994 [INFO] FPT: ✓ 1 dòng
2026-09-11 14:51:32,739 [INFO] MSN: ✓ 1 dòng
2026-09-11 14:51:36,572 [INFO] BID: ✓ 1 dòng
2026-09-11 14:51:36,573 [INFO] === Xong: 10/10 tickers | 10 dòng mới ===
2026-09-14 16:47:52,406 [INFO] Fetch từ 2026-09-11 → 2026-09-13
2026-09-14 16:47:53,626 [INFO] Failed to extract font properties from /usr/share/fonts/truetype/noto/NotoColorEmoji.ttf: Non-scalable fonts are not supported
2026-09-14 16:47:53,934 [INFO] generated new fontManager
2026-09-14 16:47:57,103 [INFO] Device registered: 9990f92d03594fdcf5aeb9cbcf71abcb (version 0.0.1)
2026-09-14 16:48:02,991 [INFO] VCB: ✓ 1 dòng
2026-09-14 16:48:06,760 [INFO] VIC: ✓ 1 dòng
2026-09-14 16:48:10,108 [INFO] VHM: ✓ 1 dòng
2026-09-14 16:48:13,443 [INFO] HPG: ✓ 1 dòng
2026-09-14 16:48:16,733 [INFO] TCB: ✓ 1 dòng
2026-09-14 16:48:20,001 [INFO] MBB: ✓ 1 dòng
2026-09-14 16:48:23,460 [INFO] VNM: ✓ 1 dòng
2026-09-14 16:48:26,802 [INFO] FPT: ✓ 1 dòng
2026-09-14 16:48:29,557 [INFO] MSN: ✓ 1 dòng
2026-09-14 16:48:34,356 [INFO] BID: ✓ 1 dòng
2026-09-14 16:48:34,357 [INFO] === Xong: 10/10 tickers | 10 dòng mới ===
2026-09-15 15:27:14,406 [INFO] Fetch từ 2026-09-12 → 2026-09-14
2026-09-15 15:27:14,813 [INFO] Failed to extract font properties from /usr/share/fonts/truetype/noto/NotoColorEmoji.ttf: Non-scalable fonts are not supported
2026-09-15 15:27:14,917 [INFO] generated new fontManager
2026-09-15 15:27:17,297 [INFO] Device registered: 9990f92d03594fdcf5aeb9cbcf71abcb (version 0.0.1)
2026-09-15 15:27:23,519 [INFO] VCB: ✓ 1 dòng
2026-09-15 15:27:27,227 [INFO] VIC: ✓ 1 dòng
2026-09-15 15:27:30,828 [INFO] VHM: ✓ 1 dòng
2026-09-15 15:27:33,633 [INFO] HPG: ✓ 1 dòng
2026-09-15 15:27:36,519 [INFO] TCB: ✓ 1 dòng
2026-09-15 15:27:39,496 [INFO] MBB: ✓ 1 dòng
2026-09-15 15:27:42,548 [INFO] VNM: ✓ 1 dòng
2026-09-15 15:27:45,236 [INFO] FPT: ✓ 1 dòng
2026-09-15 15:27:47,909 [INFO] MSN: ✓ 1 dòng
2026-09-15 15:27:53,909 [INFO] BID: ✓ 1 dòng
2026-09-15 15:27:53,909 [INFO] === Xong: 10/10 tickers | 10 dòng mới ===
2026-09-16 15:20:26,415 [INFO] Fetch từ 2026-09-15 → 2026-09-15
2026-09-16 15:20:26,675 [INFO] Failed to extract font properties from /usr/share/fonts/truetype/noto/NotoColorEmoji.ttf: Non-scalable fonts are not supported
2026-09-16 15:20:26,755 [INFO] generated new fontManager
2026-09-16 15:20:29,492 [INFO] Device registered: 9990f92d03594fdcf5aeb9cbcf71abcb (version 0.0.1)
2026-09-16 15:20:35,161 [INFO] VCB: ✓ 1 dòng
2026-09-16 15:20:39,009 [INFO] VIC: ✓ 1 dòng
2026-09-16 15:20:42,123 [INFO] VHM: ✓ 1 dòng
2026-09-16 15:20:45,438 [INFO] HPG: ✓ 1 dòng
2026-09-16 15:20:48,337 [INFO] TCB: ✓ 1 dòng
2026-09-16 15:20:51,017 [INFO] MBB: ✓ 1 dòng
2026-09-16 15:20:54,166 [INFO] VNM: ✓ 1 dòng
2026-09-16 15:20:56,883 [INFO] FPT: ✓ 1 dòng
2026-09-16 15:21:00,664 [INFO] MSN: ✓ 1 dòng
2026-09-16 15:21:05,445 [INFO] BID: ✓ 1 dòng
2026-09-16 15:21:05,446 [INFO] === Xong: 10/10 tickers | 10 dòng mới ===
2026-09-17 15:26:37,181 [INFO] Fetch từ 2026-09-16 → 2026-09-16
2026-09-17 15:26:37,524 [INFO] Failed to extract font properties from /usr/share/fonts/truetype/noto/NotoColorEmoji.ttf: Non-scalable fonts are not supported
2026-09-17 15:26:37,618 [INFO] generated new fontManager
2026-09-17 15:26:40,742 [INFO] Device registered: 9990f92d03594fdcf5aeb9cbcf71abcb (version 0.0.1)
2026-09-17 15:26:46,484 [INFO] VCB: ✓ 1 dòng
2026-09-17 15:26:50,825 [INFO] VIC: ✓ 1 dòng
2026-09-17 15:26:55,584 [INFO] VHM: ✓ 1 dòng
2026-09-17 15:26:59,578 [INFO] HPG: ✓ 1 dòng
2026-09-17 15:27:02,965 [INFO] TCB: ✓ 1 dòng
2026-09-17 15:27:07,434 [INFO] MBB: ✓ 1 dòng
2026-09-17 15:27:12,509 [INFO] VNM: ✓ 1 dòng
2026-09-17 15:27:16,244 [INFO] FPT: ✓ 1 dòng
2026-09-17 15:27:20,574 [INFO] MSN: ✓ 1 dòng
2026-09-17 15:27:24,074 [INFO] BID: ✓ 1 dòng
2026-09-17 15:27:24,074 [INFO] === Xong: 10/10 tickers | 10 dòng mới ===
2026-09-18 14:48:00,511 [INFO] Fetch từ 2026-09-17 → 2026-09-17
2026-09-18 14:48:00,870 [INFO] Failed to extract font properties from /usr/share/fonts/truetype/noto/NotoColorEmoji.ttf: Non-scalable fonts are not supported
2026-09-18 14:48:00,979 [INFO] generated new fontManager
2026-09-18 14:48:03,612 [INFO] Device registered: 9990f92d03594fdcf5aeb9cbcf71abcb (version 0.0.1)
2026-09-18 14:48:08,682 [INFO] VCB: ✓ 1 dòng
2026-09-18 14:48:12,672 [INFO] VIC: ✓ 1 dòng
2026-09-18 14:48:16,484 [INFO] VHM: ✓ 1 dòng
2026-09-18 14:48:20,254 [INFO] HPG: ✓ 1 dòng
2026-09-18 14:48:23,914 [INFO] TCB: ✓ 1 dòng
2026-09-18 14:48:27,374 [INFO] MBB: ✓ 1 dòng
2026-09-18 14:48:30,669 [INFO] VNM: ✓ 1 dòng
2026-09-18 14:48:35,480 [INFO] FPT: ✓ 1 dòng
2026-09-18 14:48:38,625 [INFO] MSN: ✓ 1 dòng
2026-09-18 14:48:42,462 [INFO] BID: ✓ 1 dòng
2026-09-18 14:48:42,462 [INFO] === Xong: 10/10 tickers | 10 dòng mới ===
2026-09-21 16:48:18,786 [INFO] Fetch từ 2026-09-18 → 2026-09-20
2026-09-21 16:48:19,237 [INFO] Failed to extract font properties from /usr/share/fonts/truetype/noto/NotoColorEmoji.ttf: Non-scalable fonts are not supported
2026-09-21 16:48:19,307 [INFO] generated new fontManager
2026-09-21 16:48:22,468 [INFO] Device registered: 9990f92d03594fdcf5aeb9cbcf71abcb (version 0.0.1)
2026-09-21 16:48:30,608 [INFO] VCB: ✓ 1 dòng
2026-09-21 16:48:34,865 [INFO] VIC: ✓ 1 dòng
2026-09-21 16:48:39,190 [INFO] VHM: ✓ 1 dòng
2026-09-21 16:48:43,309 [INFO] HPG: ✓ 1 dòng
2026-09-21 16:48:47,612 [INFO] TCB: ✓ 1 dòng
2026-09-21 16:48:50,985 [INFO] MBB: ✓ 1 dòng
2026-09-21 16:48:55,667 [INFO] VNM: ✓ 1 dòng
2026-09-21 16:49:00,693 [INFO] FPT: ✓ 1 dòng
2026-09-21 16:49:04,012 [INFO] MSN: ✓ 1 dòng
2026-09-21 16:49:07,802 [INFO] BID: ✓ 1 dòng
2026-09-21 16:49:07,803 [INFO] === Xong: 10/10 tickers | 10 dòng mới ===
